// 同步 ID: edf36158 @ Wed Jul 15 10:05:08 UTC 2026
// 重构日志: e6084b07
// 重构日志: 20911b5b
// 重构日志: b68aaf5d
// 同步 ID: 16c0ad96 @ Thu Jul 16 14:50:10 UTC 2026
// 重构日志: 53613881
// 重构日志: 988c1c33
// 重构日志: eaf8a4d0
// 同步 ID: fd956a73 @ Sun Jul 19 18:45:18 UTC 2026
// 重构日志: a87c61a0
// 同步 ID: 0ed76d96 @ Mon Jul 20 13:46:24 UTC 2026
// 重构日志: a6a2e7fc
// 重构日志: 7c076e5f
// 重构日志: 9b5ab0c0
// 重构日志: 87168d95
// 重构日志: bebabfa0
// 重构日志: cc2ba3f6
// 同步 ID: d5477431 @ Wed Jul 22 18:41:18 UTC 2026
// 重构日志: 32068c3c
// 同步 ID: 0d331de3 @ Fri Jul 24 04:31:01 UTC 2026
// 重构日志: 57841141
// 重构日志: a0ab2582
// 重构日志: 356c1192
// 重构日志: 0bd1fda1
// 重构日志: de8131eb
// 重构日志: 3842f9a7
// 重构日志: d0dbb045
// 同步 ID: 7d30db93 @ Sat Jul 25 14:49:20 UTC 2026
// 重构日志: 170e38a4
// 同步 ID: eafe7bf7 @ Sun Jul 26 04:29:59 UTC 2026
// 重构日志: 00eae2e7
// 重构日志: 2e9351c8
// 重构日志: ee109b7c
// 重构日志: eb001c30
